Fatal Python error: Aborted

Current thread 0x000076089a998740 [python] (most recent call first):
  File "/home/bimatkeo/Documents/Translator/Bimatkeo_Translator/app/core/desktop/main.py", line 59 in <module>

Current thread's C stack trace (most recent call first):
  Binary file ".venv/bin/python", at _Py_DumpStack+0x30 [0x4b3620]
  Binary file ".venv/bin/python" [0x5365eb]
  Binary file ".venv/bin/python" [0x5364ce]
  Binary file "/lib/x86_64-linux-gnu/libc.so.6", at +0x45330 [0x76089a645330]
  Binary file "/lib/x86_64-linux-gnu/libc.so.6", at poll+0x4d [0x76089a71b4fd]
  Binary file "/lib/x86_64-linux-gnu/libglib-2.0.so.0", at +0xbc8ce [0x760896e368ce]
  Binary file "/lib/x86_64-linux-gnu/libglib-2.0.so.0", at g_main_context_iteration+0x33 [0x760896dd6a23]
  Binary file "/home/bimatkeo/Documents/Translator/Bimatkeo_Translator/.venv/lib/python3.14/site-packages/PySide6/Qt/lib/libQt6Core.so.6", at _ZN20QEventDispatcherGlib13processEventsE6QFlagsIN10QEventLoop17ProcessEventsFlagEE+0x6e [0x76089749869e]
  Binary file "/home/bimatkeo/Documents/Translator/Bimatkeo_Translator/.venv/lib/python3.14/site-packages/PySide6/Qt/lib/libQt6Core.so.6", at _ZN10QEventLoop4execE6QFlagsINS_17ProcessEventsFlagEE+0x24b [0x7608971980fb]
  Binary file "/home/bimatkeo/Documents/Translator/Bimatkeo_Translator/.venv/lib/python3.14/site-packages/PySide6/Qt/lib/libQt6Core.so.6", at _ZN16QCoreApplication4execEv+0x9a [0x760897193bba]
  Binary file "/home/bimatkeo/Documents/Translator/Bimatkeo_Translator/.venv/lib/python3.14/site-packages/PySide6/QtWidgets.abi3.so", at +0x401225 [0x760899001225]
  Binary file ".venv/bin/python" [0x1a54376]
  Binary file ".venv/bin/python" [0x1aa3e1a]
  Binary file ".venv/bin/python", at PyEval_EvalCode+0xa6 [0x1aa3b3e]
  Binary file ".venv/bin/python" [0x1ae12b2]
  Binary file ".venv/bin/python" [0x1c7ef8d]
  Binary file ".venv/bin/python" [0x1c7f9c2]
  Binary file ".venv/bin/python" [0x1c8175c]
  Binary file ".venv/bin/python" [0x1c816f8]
  Binary file ".venv/bin/python" [0x1c815ed]
  Binary file ".venv/bin/python", at Py_RunMain+0x45b [0x1b43c5b]
  Binary file ".venv/bin/python" [0x1b437ed]
  Binary file ".venv/bin/python" [0x1b43606]
  Binary file "/lib/x86_64-linux-gnu/libc.so.6", at +0x2a1ca [0x76089a62a1ca]
  Binary file "/lib/x86_64-linux-gnu/libc.so.6", at __libc_start_main+0x8b [0x76089a62a28b]
  Binary file ".venv/bin/python", at _start+0x29 [0x1be9c69]

Extension modules: shiboken6.Shiboken, PySide6.QtCore, PySide6.QtGui, PySide6.QtWidgets, regex._regex, numpy._core._multiarray_umath, numpy.linalg._umath_linalg, markupsafe._speedups, PIL._imaging, torch._C, torch._C._dynamo.autograd_compiler, torch._C._dynamo.eval_frame, torch._C._dynamo.guards, torch._C._dynamo.utils, torch._C._fft, torch._C._linalg, torch._C._nested, torch._C._nn, torch._C._sparse, torch._C._special, cuda.bindings._bindings.cydriver, cuda.bindings.cydriver, cuda.bindings.driver, cuda.bindings._bindings.cyruntime_ptds, cuda.bindings._bindings.cyruntime, cuda.bindings.cyruntime, cuda.bindings.runtime, numpy.random._common, numpy.random.bit_generator, numpy.random._bounded_integers, numpy.random._pcg64, numpy.random._mt19937, numpy.random._generator, numpy.random._philox, numpy.random._sfc64, numpy.random.mtrand, psutil._psutil_linux, sentencepiece._sentencepiece (total: 38)
